------------------------------------------------------------
Timing Analyzer Summary
------------------------------------------------------------

Type  : Slow 1100mV 85C Model Setup 'CLOCK_50'
Slack : -8.964
TNS   : -915.085

Type  : Slow 1100mV 85C Model Hold 'CLOCK_50'
Slack : 0.441
TNS   : 0.000

Type  : Slow 1100mV 85C Model Recovery 'divisorGenerico_e_Interface:interfaceBaseTempo|divisorGenerico:baseTempo|tick'
Slack : -5.135
TNS   : -10.263

Type  : Slow 1100mV 85C Model Removal 'divisorGenerico_e_Interface:interfaceBaseTempo|divisorGenerico:baseTempo|tick'
Slack : 2.909
TNS   : 0.000

Type  : Slow 1100mV 85C Model Minimum Pulse Width 'CLOCK_50'
Slack : -0.538
TNS   : -167.307

Type  : Slow 1100mV 85C Model Minimum Pulse Width 'divisorGenerico_e_Interface:interfaceBaseTempo|divisorGenerico:baseTempo|tick'
Slack : -0.538
TNS   : -1.707

Type  : Slow 1100mV 0C Model Setup 'CLOCK_50'
Slack : -8.801
TNS   : -909.013

Type  : Slow 1100mV 0C Model Hold 'CLOCK_50'
Slack : 0.317
TNS   : 0.000

Type  : Slow 1100mV 0C Model Recovery 'divisorGenerico_e_Interface:interfaceBaseTempo|divisorGenerico:baseTempo|tick'
Slack : -5.200
TNS   : -10.392

Type  : Slow 1100mV 0C Model Removal 'divisorGenerico_e_Interface:interfaceBaseTempo|divisorGenerico:baseTempo|tick'
Slack : 3.107
TNS   : 0.000

Type  : Slow 1100mV 0C Model Minimum Pulse Width 'CLOCK_50'
Slack : -0.538
TNS   : -149.435

Type  : Slow 1100mV 0C Model Minimum Pulse Width 'divisorGenerico_e_Interface:interfaceBaseTempo|divisorGenerico:baseTempo|tick'
Slack : -0.538
TNS   : -1.700

Type  : Fast 1100mV 85C Model Setup 'CLOCK_50'
Slack : -4.005
TNS   : -371.859

Type  : Fast 1100mV 85C Model Hold 'CLOCK_50'
Slack : 0.018
TNS   : 0.000

Type  : Fast 1100mV 85C Model Recovery 'divisorGenerico_e_Interface:interfaceBaseTempo|divisorGenerico:baseTempo|tick'
Slack : -2.144
TNS   : -4.286

Type  : Fast 1100mV 85C Model Removal 'divisorGenerico_e_Interface:interfaceBaseTempo|divisorGenerico:baseTempo|tick'
Slack : 1.245
TNS   : 0.000

Type  : Fast 1100mV 85C Model Minimum Pulse Width 'CLOCK_50'
Slack : -0.569
TNS   : -86.622

Type  : Fast 1100mV 85C Model Minimum Pulse Width 'divisorGenerico_e_Interface:interfaceBaseTempo|divisorGenerico:baseTempo|tick'
Slack : -0.005
TNS   : -0.008

Type  : Fast 1100mV 0C Model Setup 'CLOCK_50'
Slack : -3.569
TNS   : -324.393

Type  : Fast 1100mV 0C Model Hold 'CLOCK_50'
Slack : -0.116
TNS   : -0.633

Type  : Fast 1100mV 0C Model Recovery 'divisorGenerico_e_Interface:interfaceBaseTempo|divisorGenerico:baseTempo|tick'
Slack : -2.012
TNS   : -4.022

Type  : Fast 1100mV 0C Model Removal 'divisorGenerico_e_Interface:interfaceBaseTempo|divisorGenerico:baseTempo|tick'
Slack : 1.230
TNS   : 0.000

Type  : Fast 1100mV 0C Model Minimum Pulse Width 'CLOCK_50'
Slack : -0.612
TNS   : -103.841

Type  : Fast 1100mV 0C Model Minimum Pulse Width 'divisorGenerico_e_Interface:interfaceBaseTempo|divisorGenerico:baseTempo|tick'
Slack : 0.014
TNS   : 0.000

------------------------------------------------------------
